<html>
<body>
<pre>
<h1>礦ision Build Log</h1>
<h2>Tool Versions:</h2>
IDE-Version: μVision V5.36.0.0
Copyright (C) 2021 ARM Ltd and ARM Germany GmbH. All rights reserved.
License Information: JTY Administrator, JTY, LIC=LSNXV-PWXAM-56KQ2-9BB3Z-XSR41-0IYP1
 
Tool Versions:
Toolchain:       MDK-ARM Plus  Version: 5.36.0.0
Toolchain Path:  E:\keil\ARM\ARMCC\Bin
C Compiler:      Armcc.exe V5.06 update 7 (build 960)
Assembler:       Armasm.exe V5.06 update 7 (build 960)
Linker/Locator:  ArmLink.exe V5.06 update 7 (build 960)
Library Manager: ArmAr.exe V5.06 update 7 (build 960)
Hex Converter:   FromElf.exe V5.06 update 7 (build 960)
CPU DLL:         SARMCM3.DLL V5.36.0.0
Dialog DLL:      DCM.DLL V1.17.3.0
Target DLL:      STLink\ST-LINKIII-KEIL_SWO.dll V3.0.9.0
Dialog DLL:      TCM.DLL V1.53.0.0
 
<h2>Project:</h2>
F:\物联网\project\stm32f103_smartHome\mdk\project.uvprojx
Project File Date:  10/17/2024

<h2>Output:</h2>
*** Using Compiler 'V5.06 update 7 (build 960)', folder: 'E:\keil\ARM\ARMCC\Bin'
Rebuild target 'project'
compiling core_cm3.c...
compiling board.c...
compiling led.c...
compiling oled.c...
compiling driver_uart.c...
compiling debug.c...
compiling main.c...
compiling stm32f10x_it.c...
compiling stm32f10x_crc.c...
compiling system_stm32f10x.c...
compiling misc.c...
compiling stm32f10x_bkp.c...
compiling stm32f10x_adc.c...
compiling stm32f10x_dma.c...
compiling stm32f10x_exti.c...
assembling startup_stm32f10x_hd.s...
compiling croutine.c...
compiling stm32f10x_gpio.c...
compiling stm32f10x_spi.c...
compiling stm32f10x_rcc.c...
compiling stm32f10x_usart.c...
compiling stm32f10x_flash.c...
compiling event_groups.c...
compiling list.c...
compiling stm32f10x_tim.c...
compiling timers.c...
compiling stream_buffer.c...
compiling queue.c...
compiling heap_4.c...
compiling mqtt_list.c...
compiling random.c...
compiling MQTTConnectClient.c...
compiling tasks.c...
compiling MQTTConnectServer.c...
compiling MQTTDeserializePublish.c...
compiling port.c...
compiling MQTTFormat.c...
compiling MQTTSerializePublish.c...
compiling MQTTSubscribeClient.c...
compiling MQTTPacket.c...
compiling MQTTSubscribeServer.c...
compiling MQTTUnsubscribeClient.c...
compiling MQTTUnsubscribeServer.c...
compiling nettype_tcp.c...
compiling network.c...
compiling platform_memory.c...
compiling platform_mutex.c...
compiling platform_net_socket.c...
compiling platform_thread.c...
compiling platform_timer.c...
compiling ringbuffer8.c...
compiling mqttclient.c...
linking...
Program Size: Code=4288 RO-data=1868 RW-data=92 ZI-data=1356  
FromELF: creating hex file...
After Build - User command #1: fromelf.exe --bin -o "project.axfproject.bin" "F:\物联网\project\stm32f103_smartHome\mdk\Objects\project.axf"
".\Objects\project.axf" - 0 Error(s), 0 Warning(s).

<h2>Software Packages used:</h2>

Package Vendor: Keil
                http://www.keil.com/pack/Keil.STM32F1xx_DFP.2.2.0.pack
                Keil.STM32F1xx_DFP.2.2.0
                STMicroelectronics STM32F1 Series Device Support, Drivers and Examples

<h2>Collection of Component include folders:</h2>
  E:\keil\Keil\STM32F1xx_DFP\2.2.0\Device\Include

<h2>Collection of Component Files used:</h2>
Build Time Elapsed:  00:00:03
</pre>
</body>
</html>
